[    0.000000] Linux version 6.18.5 (argocd@coder-xiangbin-xb-home-2-0) (gcc (Ubuntu 11.4.0-1ubuntu1~22.04.2) 11.4.0, GNU ld (GNU Binutils for Ubuntu) 2.38) #2 SMP PREEMPT_DYNAMIC Wed Jan 14 17:56:08 UTC 2026
[    0.000000] Command line: console=ttyS0 reboot=k panic=1 nomodule random.trust_cpu=1 ipv6.disable=1 swiotlb=noforce rdinit=/process_api init_on_free=1 -- --firecracker-init --addr 0.0.0.0:2024 --max-ws-buffer-size 32768 --block-local-connections
[    0.000000] BIOS-provided physical RAM map:
[    0.000000] BIOS-e820: [mem 0x0000000000000000-0x000000000009fbff] usable
[    0.000000] BIOS-e820: [mem 0x000000000009fc00-0x00000000000fffff] reserved
[    0.000000] BIOS-e820: [mem 0x0000000000100000-0x00000000bfffffff] usable
[    0.000000] BIOS-e820: [mem 0x00000000eec00000-0x00000000febfffff] reserved
[    0.000000] BIOS-e820: [mem 0x0000000100000000-0x000000013fffffff] usable
[    0.000000] NX (Execute Disable) protection: active
[    0.000000] APIC: Static calls initialized
[    0.000000] DMI not present or invalid.
[    0.000000] Hypervisor detected: KVM
[    0.000000] last_pfn = 0xc0000 max_arch_pfn = 0x400000000
[    0.000000] kvm-clock: Using msrs 4b564d01 and 4b564d00
[    0.000001] kvm-clock: using sched offset of 143125346 cycles
[    0.000003] clocksource: kvm-clock: mask: 0xffffffffffffffff max_cycles: 0x1cd42e4dffb, max_idle_ns: 881590591483 ns
[    0.000128] tsc: Detected 2800.212 MHz processor
[    0.000906] e820: update [mem 0x00000000-0x00000fff] usable ==> reserved
[    0.000909] e820: remove [mem 0x000a0000-0x000fffff] usable
[    0.000912] last_pfn = 0x140000 max_arch_pfn = 0x400000000
[    0.001282] MTRR map: 0 entries (0 fixed + 0 variable; max 16), built from 8 variable MTRRs
[    0.001337] x86/PAT: Configuration [0-7]: WB  WC  UC- UC  WB  WP  UC- WT  
[    0.001741] last_pfn = 0xc0000 max_arch_pfn = 0x400000000
[    0.001825] Using GB pages for direct mapping
[    0.002016] RAMDISK: [mem 0xbfbd3000-0xbfffffff]
[    0.002103] ACPI: Early table checksum verification disabled
[    0.002288] ACPI: RSDP 0x00000000000E0000 000024 (v02 FIRECK)
[    0.002334] ACPI: XSDT 0x00000000000A0EE1 00003C (v01 FIRECK FCMVXSDT 00000000 FCAT 20240119)
[    0.002399] ACPI: FACP 0x00000000000A0D51 000114 (v06 FIRECK FCVMFADT 00000000 FCAT 20240119)
[    0.002448] ACPI: DSDT 0x000000000009FD30 001021 (v02 FIRECK FCVMDSDT 00000000 FCAT 20240119)
[    0.002452] ACPI: APIC 0x00000000000A0E65 000040 (v06 FIRECK FCVMMADT 00000000 FCAT 20240119)
[    0.002455] ACPI: MCFG 0x00000000000A0EA5 00003C (v01 FIRECK FCMVMCFG 00000000 FCAT 20240119)
[    0.002457] ACPI: Reserving FACP table memory at [mem 0xa0d51-0xa0e64]
[    0.002458] ACPI: Reserving DSDT table memory at [mem 0x9fd30-0xa0d50]
[    0.002459] ACPI: Reserving APIC table memory at [mem 0xa0e65-0xa0ea4]
[    0.002460] ACPI: Reserving MCFG table memory at [mem 0xa0ea5-0xa0ee0]
[    0.004383] No NUMA configuration found
[    0.004384] Faking a node at [mem 0x0000000000000000-0x000000013fffffff]
[    0.004392] NODE_DATA(0) allocated [mem 0x13ffde3c0-0x13fffffff]
[    0.005370] Zone ranges:
[    0.005400]   DMA      [mem 0x0000000000001000-0x0000000000ffffff]
[    0.005431]   DMA32    [mem 0x0000000001000000-0x00000000ffffffff]
[    0.005432]   Normal   [mem 0x0000000100000000-0x000000013fffffff]
[    0.005448] Movable zone start for each node
[    0.005464] Early memory node ranges
[    0.005464]   node   0: [mem 0x0000000000001000-0x000000000009efff]
[    0.005466]   node   0: [mem 0x0000000000100000-0x00000000bfffffff]
[    0.005467]   node   0: [mem 0x0000000100000000-0x000000013fffffff]
[    0.005468] Initmem setup node 0 [mem 0x0000000000001000-0x000000013fffffff]
[    0.005567] On node 0, zone DMA: 1 pages in unavailable ranges
[    0.006570] On node 0, zone DMA: 97 pages in unavailable ranges
[    0.215290] IOAPIC[0]: apic_id 0, version 17, address 0xfec00000, GSI 0-23
[    0.215298] ACPI: Using ACPI (MADT) for SMP configuration information
[    0.215299] TSC deadline timer available
[    0.215304] CPU topo: Max. logical packages:   1
[    0.215320] CPU topo: Max. logical dies:       1
[    0.215321] CPU topo: Max. dies per package:   1
[    0.215325] CPU topo: Max. threads per core:   1
[    0.215326] CPU topo: Num. cores per package:     1
[    0.215327] CPU topo: Num. threads per package:   1
[    0.215327] CPU topo: Allowing 1 present CPUs plus 0 hotplug CPUs
[    0.215448] kvm-guest: APIC: eoi() replaced with kvm_guest_apic_eoi_write()
[    0.215755] PM: hibernation: Registered nosave memory: [mem 0x00000000-0x00000fff]
[    0.215771] PM: hibernation: Registered nosave memory: [mem 0x0009f000-0x000fffff]
[    0.215772] PM: hibernation: Registered nosave memory: [mem 0xc0000000-0xffffffff]
[    0.215774] [mem 0xc0000000-0xeebfffff] available for PCI devices
[    0.215776] Booting paravirtualized kernel on KVM
[    0.215791] clocksource: refined-jiffies: mask: 0xffffffff max_cycles: 0xffffffff, max_idle_ns: 7645519600211568 ns
[    0.215840] setup_percpu: NR_CPUS:256 nr_cpumask_bits:1 nr_cpu_ids:1 nr_node_ids:1
[    0.224557] percpu: Embedded 42 pages/cpu s142296 r0 d29736 u2097152
[    0.224578] pcpu-alloc: s142296 r0 d29736 u2097152 alloc=1*2097152
[    0.224595] pcpu-alloc: [0] 0 
[    0.224710] kvm-guest: PV spinlocks disabled, single CPU
[    0.224713] Kernel command line: console=ttyS0 reboot=k panic=1 nomodule random.trust_cpu=1 ipv6.disable=1 swiotlb=noforce rdinit=/process_api init_on_free=1 -- --firecracker-init --addr 0.0.0.0:2024 --max-ws-buffer-size 32768 --block-local-connections
[    0.225861] random: crng init done
[    0.225878] printk: log buffer data + meta data: 131072 + 458752 = 589824 bytes
[    0.242433] Dentry cache hash table entries: 524288 (order: 10, 4194304 bytes, linear)
[    0.250687] Inode-cache hash table entries: 262144 (order: 9, 2097152 bytes, linear)
[    0.250878] Fallback order for Node 0: 0 
[    0.250895] Built 1 zonelists, mobility grouping on.  Total pages: 1048478
[    0.250897] Policy zone: Normal
[    0.251000] mem auto-init: stack:off, heap alloc:off, heap free:on
[    0.251001] mem auto-init: clearing system memory may take some time...
[   13.368164] SLUB: HWalign=64, Order=0-3, MinObjects=0, CPUs=1, Nodes=1
[   13.369674] Dynamic Preempt: none
[   13.369859] rcu: Preemptible hierarchical RCU implementation.
[   13.369888] rcu: 	RCU restricting CPUs from NR_CPUS=256 to nr_cpu_ids=1.
[   13.369932] 	Trampoline variant of Tasks RCU enabled.
[   13.369947] 	Tracing variant of Tasks RCU enabled.
[   13.369948] rcu: RCU calculated value of scheduler-enlistment delay is 25 jiffies.
[   13.369949] rcu: Adjusting geometry for rcu_fanout_leaf=16, nr_cpu_ids=1
[   13.370018] RCU Tasks: Setting shift to 0 and lim to 1 rcu_task_cb_adjust=1 rcu_task_cpu_ids=1.
[   13.370020] RCU Tasks Trace: Setting shift to 0 and lim to 1 rcu_task_cb_adjust=1 rcu_task_cpu_ids=1.
[   13.370026] NR_IRQS: 16640, nr_irqs: 256, preallocated irqs: 0
[   13.370236] rcu: srcu_init: Setting srcu_struct sizes based on contention.
[   13.370580] Console: colour dummy device 80x25
[   13.370891] printk: legacy console [ttyS0] enabled
[   13.642200] ACPI: Core revision 20250807
[   13.644247] APIC: Switch to symmetric I/O mode setup
[   13.647734] x2apic enabled
[   13.650229] APIC: Switched APIC routing to: physical x2apic
[   13.653193] clocksource: tsc-early: mask: 0xffffffffffffffff max_cycles: 0x285d09563de, max_idle_ns: 440795349581 ns
[   13.657840] Calibrating delay loop (skipped) preset value.. 5600.42 BogoMIPS (lpj=11200848)
[   13.661836] x86/cpu: User Mode Instruction Prevention (UMIP) activated
[   13.661836] Last level iTLB entries: 4KB 64, 2MB 8, 4MB 8
[   13.661836] Last level dTLB entries: 4KB 64, 2MB 32, 4MB 32, 1GB 4
[   13.661836] mitigations: Enabled attack vectors: user_kernel, user_user, SMT mitigations: auto
[   13.661836] Speculative Store Bypass: Mitigation: Speculative Store Bypass disabled via prctl
[   13.661836] Spectre V2 : Mitigation: Enhanced / Automatic IBRS
[   13.661836] RETBleed: Mitigation: Enhanced IBRS
[   13.661836] ITS: Mitigation: Aligned branch/return thunks
[   13.661836] TAA: Vulnerable: Clear CPU buffers attempted, no microcode
[   13.661836] MMIO Stale Data: Vulnerable: Clear CPU buffers attempted, no microcode
[   13.661836] Spectre V1 : Mitigation: usercopy/swapgs barriers and __user pointer sanitization
[   13.661836] Spectre V2 : Spectre v2 / PBRSB-eIBRS: Retire a single CALL on VMEXIT
[   13.661836] Spectre V2 : mitigation: Enabling conditional Indirect Branch Prediction Barrier
[   13.661836] active return thunk: its_return_thunk
[   13.661836] x86/fpu: Supporting XSAVE feature 0x001: 'x87 floating point registers'
[   13.661836] x86/fpu: Supporting XSAVE feature 0x002: 'SSE registers'
[   13.661836] x86/fpu: Supporting XSAVE feature 0x004: 'AVX registers'
[   13.661836] x86/fpu: Supporting XSAVE feature 0x020: 'AVX-512 opmask'
[   13.661836] x86/fpu: Supporting XSAVE feature 0x040: 'AVX-512 Hi256'
[   13.661836] x86/fpu: Supporting XSAVE feature 0x080: 'AVX-512 ZMM_Hi256'
[   13.661836] x86/fpu: xstate_offset[2]:  576, xstate_sizes[2]:  256
[   13.661836] x86/fpu: xstate_offset[5]:  832, xstate_sizes[5]:   64
[   13.661836] x86/fpu: xstate_offset[6]:  896, xstate_sizes[6]:  512
[   13.661836] x86/fpu: xstate_offset[7]: 1408, xstate_sizes[7]: 1024
[   13.661836] x86/fpu: Enabled xstate features 0xe7, context size is 2432 bytes, using 'compacted' format.
[   13.661836] Freeing SMP alternatives memory: 48K
[   13.661836] pid_max: default: 32768 minimum: 301
[   13.661836] LSM: initializing lsm=capability,selinux
[   13.661836] SELinux:  Initializing.
[   13.661836] Mount-cache hash table entries: 8192 (order: 4, 65536 bytes, linear)
[   13.661836] Mountpoint-cache hash table entries: 8192 (order: 4, 65536 bytes, linear)
[   13.661836] smpboot: CPU0: Intel(R) Xeon(R) Processor @ 2.80GHz (family: 0x6, model: 0x55, stepping: 0x7)
[   13.662041] Performance Events: unsupported CPU family 6 model 85 no PMU driver, software events only.
[   13.666081] signal: max sigframe size: 3632
[   13.667965] rcu: Hierarchical SRCU implementation.
[   13.669847] rcu: 	Max phase no-delay instances is 1000.
[   13.672784] NMI watchdog: Perf NMI watchdog permanently disabled
[   13.673880] smp: Bringing up secondary CPUs ...
[   13.675846] smp: Brought up 1 node, 1 CPU
[   13.677585] smpboot: Total of 1 processors activated (5600.42 BogoMIPS)
[   17.008045] node 0 deferred pages initialised in 3328ms
[   17.009889] Memory: 4088300K/4193912K available (14968K kernel code, 1252K rwdata, 3824K rodata, 2912K init, 1812K bss, 103580K reserved, 0K cma-reserved)
[   17.014348] devtmpfs: initialized
[   17.015944] x86/mm: Memory block size: 128MB
[   17.018469] clocksource: jiffies: mask: 0xffffffff max_cycles: 0xffffffff, max_idle_ns: 7645041785100000 ns
[   17.021857] posixtimers hash table entries: 512 (order: 1, 8192 bytes, linear)
[   17.024996] futex hash table entries: 256 (16384 bytes on 1 NUMA nodes, total 16 KiB, linear).
[   17.026240] NET: Registered PF_NETLINK/PF_ROUTE protocol family
[   17.028924] audit: initializing netlink subsys (disabled)
[   17.030114] thermal_sys: Registered thermal governor 'fair_share'
[   17.030116] thermal_sys: Registered thermal governor 'step_wise'
[   17.032775] thermal_sys: Registered thermal governor 'user_space'
[   17.033864] audit: type=2000 audit(1780083815.920:1): state=initialized audit_enabled=0 res=1
[   17.037857] cpuidle: using governor ladder
[   17.039699] cpuidle: using governor menu
[   17.042006] PCI: ECAM [mem 0xeec00000-0xeecfffff] (base 0xeec00000) for domain 0000 [bus 00-00]
[   17.045756] PCI: ECAM [mem 0xeec00000-0xeecfffff] reserved as E820 entry
[   17.045858] PCI: Using configuration type 1 for base access
[   17.048793] HugeTLB: registered 1.00 GiB page size, pre-allocated 0 pages
[   17.049849] HugeTLB: 16380 KiB vmemmap can be freed for a 1.00 GiB page
[   17.052739] HugeTLB: registered 2.00 MiB page size, pre-allocated 0 pages
[   17.053847] HugeTLB: 28 KiB vmemmap can be freed for a 2.00 MiB page
[   17.057035] ACPI: Added _OSI(Module Device)
[   17.057848] ACPI: Added _OSI(Processor Device)
[   17.059761] ACPI: Added _OSI(Processor Aggregator Device)
[   17.062083] ACPI: 1 ACPI AML tables successfully acquired and loaded
[   17.064947] ACPI: Interpreter enabled
[   17.065868] ACPI: PM: (supports S0)
[   17.067400] ACPI: Using IOAPIC for interrupt routing
[   17.069580] PCI: Using host bridge windows from ACPI; if necessary, use "pci=nocrs" and report a bug
[   17.069846] PCI: Using E820 reservations for host bridge windows
[   17.073698] ACPI: PCI Root Bridge [PC00] (domain 0000 [bus 00])
[   17.073851] acpi PNP0A08:00: _OSC: OS supports [ExtendedConfig ASPM ClockPM Segments MSI HPX-Type3]
[   17.077735] acpi PNP0A08:00: PCIe port services disabled; not requesting _OSC control
[   17.077851] acpi PNP0A08:00: _OSC: platform retains control of PCIe features (AE_NOT_FOUND)
[   17.081516] PCI host bridge to bus 0000:00
[   17.081860] pci_bus 0000:00: root bus resource [mem 0xeec00000-0xeecfffff]
[   17.084801] pci_bus 0000:00: root bus resource [mem 0xc0001000-0xeebfffff window]
[   17.085847] pci_bus 0000:00: root bus resource [mem 0x4000000000-0x7fffffffff window]
[   17.089209] pci_bus 0000:00: root bus resource [io  0x0000-0x0cf7 window]
[   17.089846] pci_bus 0000:00: root bus resource [io  0x0d00-0xffff window]
[   17.092772] pci_bus 0000:00: root bus resource [bus 00]
[   17.094122] pci 0000:00:00.0: [8086:0d57] type 00 class 0x060000 conventional PCI endpoint
[   17.100388] pci 0000:00:01.0: [1af4:1042] type 00 class 0x018000 conventional PCI endpoint
[   17.103078] pci 0000:00:01.0: BAR 0 [mem 0x4000000000-0x400007ffff 64bit]
[   17.109135] pci 0000:00:02.0: [1af4:1042] type 00 class 0x018000 conventional PCI endpoint
[   17.111082] pci 0000:00:02.0: BAR 0 [mem 0x4000080000-0x40000fffff 64bit]
[   17.117099] pci 0000:00:03.0: [1af4:1042] type 00 class 0x018000 conventional PCI endpoint
[   17.119092] pci 0000:00:03.0: BAR 0 [mem 0x4000100000-0x400017ffff 64bit]
[   17.125123] pci 0000:00:04.0: [1af4:1042] type 00 class 0x018000 conventional PCI endpoint
[   17.127081] pci 0000:00:04.0: BAR 0 [mem 0x4000180000-0x40001fffff 64bit]
[   17.133182] pci 0000:00:05.0: [1af4:1041] type 00 class 0x020000 conventional PCI endpoint
[   17.135089] pci 0000:00:05.0: BAR 0 [mem 0x4000200000-0x400027ffff 64bit]
[   17.141102] pci 0000:00:06.0: [1af4:1044] type 00 class 0xffff00 conventional PCI endpoint
[   17.143135] pci 0000:00:06.0: BAR 0 [mem 0x4000280000-0x40002fffff 64bit]
[   17.149440] iommu: Default domain type: Translated
[   17.149847] iommu: DMA domain TLB invalidation policy: lazy mode
[   17.152636] SCSI subsystem initialized
[   17.153885] pps_core: LinuxPPS API ver. 1 registered
[   17.156046] pps_core: Software ver. 5.3.6 - Copyright 2005-2007 Rodolfo Giometti <giometti@linux.it>
[   17.157850] PTP clock support registered
[   17.159841] NetLabel: Initializing
[   17.161371] NetLabel:  domain hash size = 128
[   17.161848] NetLabel:  protocols = UNLABELED CIPSOv4 CALIPSO
[   17.164316] NetLabel:  unlabeled traffic allowed by default
[   17.165846] PCI: Using ACPI for IRQ routing
[   17.167697] PCI: pci_cache_line_size set to 64 bytes
[   17.168191] e820: reserve RAM buffer [mem 0x0009fc00-0x0009ffff]
[   17.168235] vgaarb: loaded
[   17.169510] clocksource: Switched to clocksource kvm-clock
[   17.169836] VFS: Disk quotas dquot_6.6.0
[   17.170214] VFS: Dquot-cache hash table entries: 512 (order 0, 4096 bytes)
[   17.173367] pnp: PnP ACPI init
[   17.174918] pnp: PnP ACPI: found 5 devices
[   17.177832] NET: Registered PF_INET protocol family
[   17.180077] IP idents hash table entries: 65536 (order: 7, 524288 bytes, linear)
[   17.184127] tcp_listen_portaddr_hash hash table entries: 2048 (order: 3, 32768 bytes, linear)
[   17.187872] Table-perturb hash table entries: 65536 (order: 6, 262144 bytes, linear)
[   17.191171] TCP established hash table entries: 32768 (order: 6, 262144 bytes, linear)
[   17.194620] TCP bind hash table entries: 32768 (order: 8, 1048576 bytes, linear)
[   17.198011] TCP: Hash tables configured (established 32768 bind 32768)
[   17.200943] MPTCP token hash table entries: 4096 (order: 5, 98304 bytes, linear)
[   17.204155] UDP hash table entries: 2048 (order: 5, 131072 bytes, linear)
[   17.207100] UDP-Lite hash table entries: 2048 (order: 5, 131072 bytes, linear)
[   17.210373] NET: Registered PF_UNIX/PF_LOCAL protocol family
[   17.212971] RPC: Registered named UNIX socket transport module.
[   17.215524] RPC: Registered udp transport module.
[   17.217576] RPC: Registered tcp transport module.
[   17.219679] RPC: Registered tcp-with-tls transport module.
[   17.222025] RPC: Registered tcp NFSv4.1 backchannel transport module.
[   17.224859] NET: Registered PF_XDP protocol family
[   17.226945] pci_bus 0000:00: resource 4 [mem 0xeec00000-0xeecfffff]
[   17.229666] pci_bus 0000:00: resource 5 [mem 0xc0001000-0xeebfffff window]
[   17.232647] pci_bus 0000:00: resource 6 [mem 0x4000000000-0x7fffffffff window]
[   17.235770] pci_bus 0000:00: resource 7 [io  0x0000-0x0cf7 window]
[   17.238434] pci_bus 0000:00: resource 8 [io  0x0d00-0xffff window]
[   17.241390] PCI: CLS 0 bytes, default 64
[   17.243090] PCI-DMA: Using software bounce buffering for IO (SWIOTLB)
[   17.245897] software IO TLB: No low mem
[   17.247670] RAPL PMU: API unit is 2^-32 Joules, 0 fixed counters, 10737418240 ms ovfl timer
[   17.251283] clocksource: tsc: mask: 0xffffffffffffffff max_cycles: 0x285d09563de, max_idle_ns: 440795349581 ns
[   17.255646] Unpacking initramfs...
[   17.275716] Freeing initrd memory: 4276K
[   17.277455] clocksource: Switched to clocksource tsc
[   17.279659] platform rtc_cmos: registered platform RTC device (no PNP device found)
[   17.283373] Initialise system trusted keyrings
[   17.285405] Key type blacklist registered
[   17.287359] workingset: timestamp_bits=36 max_order=20 bucket_order=0
[   17.290475] squashfs: version 4.0 (2009/01/31) Phillip Lougher
[   17.293417] NFS: Registering the id_resolver key type
[   17.295686] Key type id_resolver registered
[   17.297537] Key type id_legacy registered
[   17.299281] nfs4filelayout_init: NFSv4 File Layout Driver Registering...
[   17.302224] nfs4flexfilelayout_init: NFSv4 Flexfile Layout Driver Registering...
[   17.305573] fuse: init (API version 7.45)
[   17.307524] SGI XFS with ACLs, security attributes, quota, no debug enabled
[   17.321435] Key type asymmetric registered
[   17.323259] Asymmetric key parser 'x509' registered
[   17.325444] Block layer SCSI generic (bsg) driver version 0.4 loaded (major 251)
[   17.328734] io scheduler mq-deadline registered
[   17.330697] io scheduler kyber registered
[   17.332489] io scheduler bfq registered
[   17.334696] virtio-pci 0000:00:01.0: enabling device (0000 -> 0002)
[   17.339978] virtio-pci 0000:00:02.0: enabling device (0000 -> 0002)
[   17.345157] virtio-pci 0000:00:03.0: enabling device (0000 -> 0002)
[   17.350336] virtio-pci 0000:00:04.0: enabling device (0000 -> 0002)
[   17.355474] virtio-pci 0000:00:05.0: enabling device (0000 -> 0002)
[   17.360661] virtio-pci 0000:00:06.0: enabling device (0000 -> 0002)
[   17.365857] Serial: 8250/16550 driver, 1 ports, IRQ sharing disabled
[   17.369050] 00:00: ttyS0 at I/O 0x3f8 (irq = 26, base_baud = 115200) is a 16550A
[   17.376780] loop: module loaded
[   17.378666] virtio_blk virtio0: 1/0/0 default/read/poll queues
[   17.383121] virtio_blk virtio0: [vda] 536870912 512-byte logical blocks (275 GB/256 GiB)
[   17.387527] virtio_blk virtio1: 1/0/0 default/read/poll queues
[   17.392012] virtio_blk virtio1: [vdb] 536870912 512-byte logical blocks (275 GB/256 GiB)
[   17.396318] virtio_blk virtio2: 1/0/0 default/read/poll queues
[   17.400709] virtio_blk virtio2: [vdc] 536870912 512-byte logical blocks (275 GB/256 GiB)
[   17.404983] virtio_blk virtio3: 1/0/0 default/read/poll queues
[   17.409433] virtio_blk virtio3: [vdd] 536870912 512-byte logical blocks (275 GB/256 GiB)
[   17.413329] Loading iSCSI transport class v2.0-870.
[   17.415736] iscsi: registered transport (tcp)
[   17.417723] tun: Universal TUN/TAP device driver, 1.6
[   17.423695] intel_pstate: CPU model not supported
[   17.425801] hid: raw HID events driver (C) Jiri Kosina
[   17.428708] xt_time: kernel timezone is -0000
[   17.430740] Initializing XFRM netlink socket
[   17.432690] IPv6: Loaded, but administratively disabled, reboot required to enable
[   17.436038] NET: Registered PF_PACKET protocol family
[   17.438345] Bridge firewalling registered
[   17.440216] Key type dns_resolver registered
[   17.442121] NET: Registered PF_VSOCK protocol family
[   17.444416] IPI shorthand broadcast: enabled
[   17.447645] sched_clock: Marking stable (17160020960, 287581025)->(17702027046, -254425061)
[   17.454866] registered taskstats version 1
[   17.457102] Loading compiled-in X.509 certificates
[   17.461247] Demotion targets for Node 0: null
[   17.463208] Key type .fscrypt registered
[   17.465045] Key type fscrypt-provisioning registered
[   17.468662] Key type encrypted registered
[   17.470543] clk: Disabling unused clocks
[   17.479052] Freeing unused kernel image (initmem) memory: 2912K
[   17.480659] Write protecting the kernel read-only data: 20480k
[   17.487890] Freeing unused kernel image (text/rodata gap) memory: 1412K
[   17.490715] Freeing unused kernel image (rodata/data gap) memory: 272K
[   17.492596] Run /process_api as init process
[   17.493719]   with arguments:
[   17.493720]     /process_api
[   17.493721]     --firecracker-init
[   17.493722]     --addr
[   17.493723]     0.0.0.0:2024
[   17.493723]     --max-ws-buffer-size
[   17.493724]     32768
[   17.493725]     --block-local-connections
[   17.493725]   with environment:
[   17.493726]     HOME=/
[   17.493727]     TERM=linux
[   18.785288] virtio_blk virtio3: [vdd] new size: 10952 512-byte logical blocks (5.61 MB/5.35 MiB)
[   18.789457] vdd: detected capacity change from 536870912 to 10952
[   18.803782] virtio_blk virtio2: [vdc] new size: 1312 512-byte logical blocks (672 kB/656 KiB)
[   18.806513] vdc: detected capacity change from 536870912 to 1312
[   18.815979] virtio_blk virtio1: [vdb] new size: 19888 512-byte logical blocks (10.2 MB/9.71 MiB)
[   18.818606] vdb: detected capacity change from 536870912 to 19888
[   18.824383] virtio_blk virtio0: [vda] new size: 536870912 512-byte logical blocks (275 GB/256 GiB)
[   18.827228] random: crng reseeded due to virtual machine fork
[   18.841762] tokio-rt-worker (483): drop_caches: 3
[   18.853184] EXT4-fs (vda): warning: mounting unchecked fs, running e2fsck is recommended
[   18.863977] EXT4-fs (vda): mounted filesystem 00000000-0000-0000-0000-000000000000 r/w without journal. Quota mode: none.
