[    0.000000] Linux version 6.18.5 (argocd@coder-xiangbin-xb-home-2-0) (gcc (Ubuntu 11.4.0-1ubuntu1~22.04.2) 11.4.0, GNU ld (GNU Binutils for Ubuntu) 2.38) #2 SMP PREEMPT_DYNAMIC Wed Jan 14 17:56:08 UTC 2026
[    0.000000] Command line: console=ttyS0 reboot=k panic=1 nomodule random.trust_cpu=1 ipv6.disable=1 swiotlb=noforce rdinit=/process_api init_on_free=1 -- --firecracker-init --addr 0.0.0.0:2024 --max-ws-buffer-size 32768 --block-local-connections
[    0.000000] BIOS-provided physical RAM map:
[    0.000000] BIOS-e820: [mem 0x0000000000000000-0x000000000009fbff] usable
[    0.000000] BIOS-e820: [mem 0x000000000009fc00-0x00000000000fffff] reserved
[    0.000000] BIOS-e820: [mem 0x0000000000100000-0x00000000bfffffff] usable
[    0.000000] BIOS-e820: [mem 0x00000000eec00000-0x00000000febfffff] reserved
[    0.000000] BIOS-e820: [mem 0x0000000100000000-0x000000013fffffff] usable
[    0.000000] NX (Execute Disable) protection: active
[    0.000000] APIC: Static calls initialized
[    0.000000] DMI not present or invalid.
[    0.000000] Hypervisor detected: KVM
[    0.000000] last_pfn = 0xc0000 max_arch_pfn = 0x400000000
[    0.000000] kvm-clock: Using msrs 4b564d01 and 4b564d00
[    0.000001] kvm-clock: using sched offset of 104159398 cycles
[    0.000003] clocksource: kvm-clock: mask: 0xffffffffffffffff max_cycles: 0x1cd42e4dffb, max_idle_ns: 881590591483 ns
[    0.000082] tsc: Detected 2100.000 MHz processor
[    0.000627] e820: update [mem 0x00000000-0x00000fff] usable ==> reserved
[    0.000629] e820: remove [mem 0x000a0000-0x000fffff] usable
[    0.000632] last_pfn = 0x140000 max_arch_pfn = 0x400000000
[    0.000876] MTRR map: 0 entries (0 fixed + 0 variable; max 16), built from 8 variable MTRRs
[    0.000919] x86/PAT: Configuration [0-7]: WB  WC  UC- UC  WB  WP  UC- WT  
[    0.001202] last_pfn = 0xc0000 max_arch_pfn = 0x400000000
[    0.001279] Using GB pages for direct mapping
[    0.001423] RAMDISK: [mem 0xbfbd3000-0xbfffffff]
[    0.001477] ACPI: Early table checksum verification disabled
[    0.001625] ACPI: RSDP 0x00000000000E0000 000024 (v02 FIRECK)
[    0.001660] ACPI: XSDT 0x00000000000A0EE1 00003C (v01 FIRECK FCMVXSDT 00000000 FCAT 20240119)
[    0.001708] ACPI: FACP 0x00000000000A0D51 000114 (v06 FIRECK FCVMFADT 00000000 FCAT 20240119)
[    0.001744] ACPI: DSDT 0x000000000009FD30 001021 (v02 FIRECK FCVMDSDT 00000000 FCAT 20240119)
[    0.001747] ACPI: APIC 0x00000000000A0E65 000040 (v06 FIRECK FCVMMADT 00000000 FCAT 20240119)
[    0.001750] ACPI: MCFG 0x00000000000A0EA5 00003C (v01 FIRECK FCMVMCFG 00000000 FCAT 20240119)
[    0.001751] ACPI: Reserving FACP table memory at [mem 0xa0d51-0xa0e64]
[    0.001753] ACPI: Reserving DSDT table memory at [mem 0x9fd30-0xa0d50]
[    0.001753] ACPI: Reserving APIC table memory at [mem 0xa0e65-0xa0ea4]
[    0.001754] ACPI: Reserving MCFG table memory at [mem 0xa0ea5-0xa0ee0]
[    0.003352] No NUMA configuration found
[    0.003353] Faking a node at [mem 0x0000000000000000-0x000000013fffffff]
[    0.003357] NODE_DATA(0) allocated [mem 0x13ffde3c0-0x13fffffff]
[    0.004097] Zone ranges:
[    0.004119]   DMA      [mem 0x0000000000001000-0x0000000000ffffff]
[    0.004141]   DMA32    [mem 0x0000000001000000-0x00000000ffffffff]
[    0.004142]   Normal   [mem 0x0000000100000000-0x000000013fffffff]
[    0.004154] Movable zone start for each node
[    0.004165] Early memory node ranges
[    0.004165]   node   0: [mem 0x0000000000001000-0x000000000009efff]
[    0.004166]   node   0: [mem 0x0000000000100000-0x00000000bfffffff]
[    0.004167]   node   0: [mem 0x0000000100000000-0x000000013fffffff]
[    0.004168] Initmem setup node 0 [mem 0x0000000000001000-0x000000013fffffff]
[    0.004246] On node 0, zone DMA: 1 pages in unavailable ranges
[    0.004972] On node 0, zone DMA: 97 pages in unavailable ranges
[    0.158286] IOAPIC[0]: apic_id 0, version 17, address 0xfec00000, GSI 0-23
[    0.158296] ACPI: Using ACPI (MADT) for SMP configuration information
[    0.158298] TSC deadline timer available
[    0.158302] CPU topo: Max. logical packages:   1
[    0.158314] CPU topo: Max. logical dies:       1
[    0.158315] CPU topo: Max. dies per package:   1
[    0.158319] CPU topo: Max. threads per core:   1
[    0.158320] CPU topo: Num. cores per package:     1
[    0.158320] CPU topo: Num. threads per package:   1
[    0.158321] CPU topo: Allowing 1 present CPUs plus 0 hotplug CPUs
[    0.158422] kvm-guest: APIC: eoi() replaced with kvm_guest_apic_eoi_write()
[    0.158664] PM: hibernation: Registered nosave memory: [mem 0x00000000-0x00000fff]
[    0.158676] PM: hibernation: Registered nosave memory: [mem 0x0009f000-0x000fffff]
[    0.158677] PM: hibernation: Registered nosave memory: [mem 0xc0000000-0xffffffff]
[    0.158679] [mem 0xc0000000-0xeebfffff] available for PCI devices
[    0.158680] Booting paravirtualized kernel on KVM
[    0.158693] clocksource: refined-jiffies: mask: 0xffffffff max_cycles: 0xffffffff, max_idle_ns: 7645519600211568 ns
[    0.158736] setup_percpu: NR_CPUS:256 nr_cpumask_bits:1 nr_cpu_ids:1 nr_node_ids:1
[    0.165236] percpu: Embedded 42 pages/cpu s142296 r0 d29736 u2097152
[    0.165254] pcpu-alloc: s142296 r0 d29736 u2097152 alloc=1*2097152
[    0.165279] pcpu-alloc: [0] 0 
[    0.165394] kvm-guest: PV spinlocks disabled, single CPU
[    0.165397] Kernel command line: console=ttyS0 reboot=k panic=1 nomodule random.trust_cpu=1 ipv6.disable=1 swiotlb=noforce rdinit=/process_api init_on_free=1 -- --firecracker-init --addr 0.0.0.0:2024 --max-ws-buffer-size 32768 --block-local-connections
[    0.166280] random: crng init done
[    0.166291] printk: log buffer data + meta data: 131072 + 458752 = 589824 bytes
[    0.178354] Dentry cache hash table entries: 524288 (order: 10, 4194304 bytes, linear)
[    0.184462] Inode-cache hash table entries: 262144 (order: 9, 2097152 bytes, linear)
[    0.184631] Fallback order for Node 0: 0 
[    0.184645] Built 1 zonelists, mobility grouping on.  Total pages: 1048478
[    0.184646] Policy zone: Normal
[    0.184738] mem auto-init: stack:off, heap alloc:off, heap free:on
[    0.184738] mem auto-init: clearing system memory may take some time...
[    8.901193] SLUB: HWalign=64, Order=0-3, MinObjects=0, CPUs=1, Nodes=1
[    8.902399] Dynamic Preempt: none
[    8.902545] rcu: Preemptible hierarchical RCU implementation.
[    8.902568] rcu: 	RCU restricting CPUs from NR_CPUS=256 to nr_cpu_ids=1.
[    8.902601] 	Trampoline variant of Tasks RCU enabled.
[    8.902616] 	Tracing variant of Tasks RCU enabled.
[    8.902617] rcu: RCU calculated value of scheduler-enlistment delay is 25 jiffies.
[    8.902618] rcu: Adjusting geometry for rcu_fanout_leaf=16, nr_cpu_ids=1
[    8.902668] RCU Tasks: Setting shift to 0 and lim to 1 rcu_task_cb_adjust=1 rcu_task_cpu_ids=1.
[    8.902671] RCU Tasks Trace: Setting shift to 0 and lim to 1 rcu_task_cb_adjust=1 rcu_task_cpu_ids=1.
[    8.902676] NR_IRQS: 16640, nr_irqs: 256, preallocated irqs: 0
[    8.902829] rcu: srcu_init: Setting srcu_struct sizes based on contention.
[    8.903112] Console: colour dummy device 80x25
[    8.903401] printk: legacy console [ttyS0] enabled
[    9.099959] ACPI: Core revision 20250807
[    9.101453] APIC: Switch to symmetric I/O mode setup
[    9.103946] x2apic enabled
[    9.105713] APIC: Switched APIC routing to: physical x2apic
[    9.107836] clocksource: tsc-early: mask: 0xffffffffffffffff max_cycles: 0x1e4530a99b6, max_idle_ns: 440795257976 ns
[    9.111197] Calibrating delay loop (skipped) preset value.. 4200.00 BogoMIPS (lpj=8400000)
[    9.115194] x86/cpu: User Mode Instruction Prevention (UMIP) activated
[    9.115194] Last level iTLB entries: 4KB 0, 2MB 0, 4MB 0
[    9.115194] Last level dTLB entries: 4KB 0, 2MB 0, 4MB 0, 1GB 0
[    9.115194] mitigations: Enabled attack vectors: user_kernel, user_user, SMT mitigations: auto
[    9.115194] Speculative Store Bypass: Mitigation: Speculative Store Bypass disabled via prctl
[    9.115194] Spectre V2 : Mitigation: Enhanced / Automatic IBRS
[    9.115194] Spectre V1 : Mitigation: usercopy/swapgs barriers and __user pointer sanitization
[    9.115194] Spectre V2 : Spectre v2 / PBRSB-eIBRS: Retire a single CALL on VMEXIT
[    9.115194] Spectre V2 : mitigation: Enabling conditional Indirect Branch Prediction Barrier
[    9.115194] x86/fpu: Supporting XSAVE feature 0x001: 'x87 floating point registers'
[    9.115194] x86/fpu: Supporting XSAVE feature 0x002: 'SSE registers'
[    9.115194] x86/fpu: Supporting XSAVE feature 0x004: 'AVX registers'
[    9.115194] x86/fpu: Supporting XSAVE feature 0x020: 'AVX-512 opmask'
[    9.115194] x86/fpu: Supporting XSAVE feature 0x040: 'AVX-512 Hi256'
[    9.115194] x86/fpu: Supporting XSAVE feature 0x080: 'AVX-512 ZMM_Hi256'
[    9.115194] x86/fpu: Supporting XSAVE feature 0x20000: 'AMX Tile config'
[    9.115194] x86/fpu: Supporting XSAVE feature 0x40000: 'AMX Tile data'
[    9.115194] x86/fpu: xstate_offset[2]:  576, xstate_sizes[2]:  256
[    9.115194] x86/fpu: xstate_offset[5]:  832, xstate_sizes[5]:   64
[    9.115194] x86/fpu: xstate_offset[6]:  896, xstate_sizes[6]:  512
[    9.115194] x86/fpu: xstate_offset[7]: 1408, xstate_sizes[7]: 1024
[    9.115194] x86/fpu: xstate_offset[17]: 2432, xstate_sizes[17]:   64
[    9.115194] x86/fpu: xstate_offset[18]: 2496, xstate_sizes[18]: 8192
[    9.115194] x86/fpu: Enabled xstate features 0x600e7, context size is 10688 bytes, using 'compacted' format.
[    9.115194] Freeing SMP alternatives memory: 48K
[    9.115194] pid_max: default: 32768 minimum: 301
[    9.115194] LSM: initializing lsm=capability,selinux
[    9.115194] SELinux:  Initializing.
[    9.115194] Mount-cache hash table entries: 8192 (order: 4, 65536 bytes, linear)
[    9.115194] Mountpoint-cache hash table entries: 8192 (order: 4, 65536 bytes, linear)
[    9.115194] smpboot: CPU0: Intel(R) Xeon(R) Processor @ 2.10GHz (family: 0x6, model: 0xcf, stepping: 0x2)
[    9.115194] Performance Events: unsupported CPU family 6 model 207 no PMU driver, software events only.
[    9.115406] signal: max sigframe size: 11952
[    9.116799] rcu: Hierarchical SRCU implementation.
[    9.118307] rcu: 	Max phase no-delay instances is 1000.
[    9.119264] NMI watchdog: Perf NMI watchdog permanently disabled
[    9.121170] smp: Bringing up secondary CPUs ...
[    9.122623] smp: Brought up 1 node, 1 CPU
[    9.123204] smpboot: Total of 1 processors activated (4200.00 BogoMIPS)
[   11.509278] node 0 deferred pages initialised in 2384ms
[   11.511050] Memory: 4088300K/4193912K available (14968K kernel code, 1252K rwdata, 3824K rodata, 2912K init, 1812K bss, 103580K reserved, 0K cma-reserved)
[   11.511716] devtmpfs: initialized
[   11.512905] x86/mm: Memory block size: 128MB
[   11.514711] clocksource: jiffies: mask: 0xffffffff max_cycles: 0xffffffff, max_idle_ns: 7645041785100000 ns
[   11.515214] posixtimers hash table entries: 512 (order: 1, 8192 bytes, linear)
[   11.517502] futex hash table entries: 256 (16384 bytes on 1 NUMA nodes, total 16 KiB, linear).
[   11.519552] NET: Registered PF_NETLINK/PF_ROUTE protocol family
[   11.521457] audit: initializing netlink subsys (disabled)
[   11.523341] thermal_sys: Registered thermal governor 'fair_share'
[   11.523342] thermal_sys: Registered thermal governor 'step_wise'
[   11.525291] thermal_sys: Registered thermal governor 'user_space'
[   11.527181] audit: type=2000 audit(1780561483.228:1): state=initialized audit_enabled=0 res=1
[   11.529858] cpuidle: using governor ladder
[   11.531163] cpuidle: using governor menu
[   11.531652] PCI: ECAM [mem 0xeec00000-0xeecfffff] (base 0xeec00000) for domain 0000 [bus 00-00]
[   11.534352] PCI: ECAM [mem 0xeec00000-0xeecfffff] reserved as E820 entry
[   11.535212] PCI: Using configuration type 1 for base access
[   11.537391] HugeTLB: registered 1.00 GiB page size, pre-allocated 0 pages
[   11.539204] HugeTLB: 16380 KiB vmemmap can be freed for a 1.00 GiB page
[   11.541279] HugeTLB: registered 2.00 MiB page size, pre-allocated 0 pages
[   11.543201] HugeTLB: 28 KiB vmemmap can be freed for a 2.00 MiB page
[   11.545563] ACPI: Added _OSI(Module Device)
[   11.546911] ACPI: Added _OSI(Processor Device)
[   11.547203] ACPI: Added _OSI(Processor Aggregator Device)
[   11.549112] ACPI: 1 ACPI AML tables successfully acquired and loaded
[   11.551207] ACPI: Interpreter enabled
[   11.552413] ACPI: PM: (supports S0)
[   11.553529] ACPI: Using IOAPIC for interrupt routing
[   11.555120] PCI: Using host bridge windows from ACPI; if necessary, use "pci=nocrs" and report a bug
[   11.555202] PCI: Using E820 reservations for host bridge windows
[   11.557953] ACPI: PCI Root Bridge [PC00] (domain 0000 [bus 00])
[   11.559206] acpi PNP0A08:00: _OSC: OS supports [ExtendedConfig ASPM ClockPM Segments MSI HPX-Type3]
[   11.562306] acpi PNP0A08:00: PCIe port services disabled; not requesting _OSC control
[   11.563218] acpi PNP0A08:00: _OSC: platform retains control of PCIe features (AE_NOT_FOUND)
[   11.565911] PCI host bridge to bus 0000:00
[   11.567210] pci_bus 0000:00: root bus resource [mem 0xeec00000-0xeecfffff]
[   11.569366] pci_bus 0000:00: root bus resource [mem 0xc0001000-0xeebfffff window]
[   11.571201] pci_bus 0000:00: root bus resource [mem 0x4000000000-0x7fffffffff window]
[   11.573649] pci_bus 0000:00: root bus resource [io  0x0000-0x0cf7 window]
[   11.575201] pci_bus 0000:00: root bus resource [io  0x0d00-0xffff window]
[   11.577306] pci_bus 0000:00: root bus resource [bus 00]
[   11.579190] pci 0000:00:00.0: [8086:0d57] type 00 class 0x060000 conventional PCI endpoint
[   11.581206] pci 0000:00:01.0: [1af4:1042] type 00 class 0x018000 conventional PCI endpoint
[   11.584114] pci 0000:00:01.0: BAR 0 [mem 0x4000000000-0x400007ffff 64bit]
[   11.588643] pci 0000:00:02.0: [1af4:1042] type 00 class 0x018000 conventional PCI endpoint
[   11.592115] pci 0000:00:02.0: BAR 0 [mem 0x4000080000-0x40000fffff 64bit]
[   11.596587] pci 0000:00:03.0: [1af4:1042] type 00 class 0x018000 conventional PCI endpoint
[   11.600070] pci 0000:00:03.0: BAR 0 [mem 0x4000100000-0x400017ffff 64bit]
[   11.604563] pci 0000:00:04.0: [1af4:1042] type 00 class 0x018000 conventional PCI endpoint
[   11.608035] pci 0000:00:04.0: BAR 0 [mem 0x4000180000-0x40001fffff 64bit]
[   11.612548] pci 0000:00:05.0: [1af4:1041] type 00 class 0x020000 conventional PCI endpoint
[   11.616010] pci 0000:00:05.0: BAR 0 [mem 0x4000200000-0x400027ffff 64bit]
[   11.620490] pci 0000:00:06.0: [1af4:1044] type 00 class 0xffff00 conventional PCI endpoint
[   11.623985] pci 0000:00:06.0: BAR 0 [mem 0x4000280000-0x40002fffff 64bit]
[   11.628770] iommu: Default domain type: Translated
[   11.630273] iommu: DMA domain TLB invalidation policy: lazy mode
[   11.631439] SCSI subsystem initialized
[   11.632781] pps_core: LinuxPPS API ver. 1 registered
[   11.634334] pps_core: Software ver. 5.3.6 - Copyright 2005-2007 Rodolfo Giometti <giometti@linux.it>
[   11.635207] PTP clock support registered
[   11.636699] NetLabel: Initializing
[   11.637805] NetLabel:  domain hash size = 128
[   11.639202] NetLabel:  protocols = UNLABELED CIPSOv4 CALIPSO
[   11.641004] NetLabel:  unlabeled traffic allowed by default
[   11.642742] PCI: Using ACPI for IRQ routing
[   11.643202] PCI: pci_cache_line_size set to 64 bytes
[   11.643568] e820: reserve RAM buffer [mem 0x0009fc00-0x0009ffff]
[   11.643623] vgaarb: loaded
[   11.644587] clocksource: Switched to clocksource kvm-clock
[   11.646457] VFS: Disk quotas dquot_6.6.0
[   11.647194] VFS: Dquot-cache hash table entries: 512 (order 0, 4096 bytes)
[   11.648637] pnp: PnP ACPI init
[   11.649763] pnp: PnP ACPI: found 5 devices
[   11.651806] NET: Registered PF_INET protocol family
[   11.653473] IP idents hash table entries: 65536 (order: 7, 524288 bytes, linear)
[   11.656509] tcp_listen_portaddr_hash hash table entries: 2048 (order: 3, 32768 bytes, linear)
[   11.659187] Table-perturb hash table entries: 65536 (order: 6, 262144 bytes, linear)
[   11.661640] TCP established hash table entries: 32768 (order: 6, 262144 bytes, linear)
[   11.664143] TCP bind hash table entries: 32768 (order: 8, 1048576 bytes, linear)
[   11.666612] TCP: Hash tables configured (established 32768 bind 32768)
[   11.668779] MPTCP token hash table entries: 4096 (order: 5, 98304 bytes, linear)
[   11.671103] UDP hash table entries: 2048 (order: 5, 131072 bytes, linear)
[   11.673274] UDP-Lite hash table entries: 2048 (order: 5, 131072 bytes, linear)
[   11.675638] NET: Registered PF_UNIX/PF_LOCAL protocol family
[   11.677699] RPC: Registered named UNIX socket transport module.
[   11.679562] RPC: Registered udp transport module.
[   11.681091] RPC: Registered tcp transport module.
[   11.682640] RPC: Registered tcp-with-tls transport module.
[   11.684965] RPC: Registered tcp NFSv4.1 backchannel transport module.
[   11.687401] NET: Registered PF_XDP protocol family
[   11.689460] pci_bus 0000:00: resource 4 [mem 0xeec00000-0xeecfffff]
[   11.692025] pci_bus 0000:00: resource 5 [mem 0xc0001000-0xeebfffff window]
[   11.694882] pci_bus 0000:00: resource 6 [mem 0x4000000000-0x7fffffffff window]
[   11.697889] pci_bus 0000:00: resource 7 [io  0x0000-0x0cf7 window]
[   11.700257] pci_bus 0000:00: resource 8 [io  0x0d00-0xffff window]
[   11.702458] PCI: CLS 0 bytes, default 64
[   11.703739] PCI-DMA: Using software bounce buffering for IO (SWIOTLB)
[   11.705769] software IO TLB: No low mem
[   11.707049] RAPL PMU: API unit is 2^-32 Joules, 1 fixed counters, 10737418240 ms ovfl timer
[   11.709704] RAPL PMU: hw unit of domain psys 2^-0 Joules
[   11.711369] clocksource: tsc: mask: 0xffffffffffffffff max_cycles: 0x1e4530a99b6, max_idle_ns: 440795257976 ns
[   11.714583] Unpacking initramfs...
[   11.730603] Freeing initrd memory: 4276K
[   11.731970] clocksource: Switched to clocksource tsc
[   11.733628] platform rtc_cmos: registered platform RTC device (no PNP device found)
[   11.736517] Initialise system trusted keyrings
[   11.737938] Key type blacklist registered
[   11.739392] workingset: timestamp_bits=36 max_order=20 bucket_order=0
[   11.741733] squashfs: version 4.0 (2009/01/31) Phillip Lougher
[   11.743754] NFS: Registering the id_resolver key type
[   11.745384] Key type id_resolver registered
[   11.746714] Key type id_legacy registered
[   11.747993] nfs4filelayout_init: NFSv4 File Layout Driver Registering...
[   11.750104] nfs4flexfilelayout_init: NFSv4 Flexfile Layout Driver Registering...
[   11.752512] fuse: init (API version 7.45)
[   11.753880] SGI XFS with ACLs, security attributes, quota, no debug enabled
[   11.763333] Key type asymmetric registered
[   11.764704] Asymmetric key parser 'x509' registered
[   11.766251] Block layer SCSI generic (bsg) driver version 0.4 loaded (major 251)
[   11.768705] io scheduler mq-deadline registered
[   11.770150] io scheduler kyber registered
[   11.771437] io scheduler bfq registered
[   11.773178] virtio-pci 0000:00:01.0: enabling device (0000 -> 0002)
[   11.777150] virtio-pci 0000:00:02.0: enabling device (0000 -> 0002)
[   11.780956] virtio-pci 0000:00:03.0: enabling device (0000 -> 0002)
[   11.784766] virtio-pci 0000:00:04.0: enabling device (0000 -> 0002)
[   11.788533] virtio-pci 0000:00:05.0: enabling device (0000 -> 0002)
[   11.792273] virtio-pci 0000:00:06.0: enabling device (0000 -> 0002)
[   11.796086] Serial: 8250/16550 driver, 1 ports, IRQ sharing disabled
[   11.798448] 00:00: ttyS0 at I/O 0x3f8 (irq = 26, base_baud = 115200) is a 16550A
[   11.803865] loop: module loaded
[   11.805314] virtio_blk virtio0: 1/0/0 default/read/poll queues
[   11.808606] virtio_blk virtio0: [vda] 536870912 512-byte logical blocks (275 GB/256 GiB)
[   11.811697] virtio_blk virtio1: 1/0/0 default/read/poll queues
[   11.814988] virtio_blk virtio1: [vdb] 536870912 512-byte logical blocks (275 GB/256 GiB)
[   11.818211] virtio_blk virtio2: 1/0/0 default/read/poll queues
[   11.821403] virtio_blk virtio2: [vdc] 536870912 512-byte logical blocks (275 GB/256 GiB)
[   11.824594] virtio_blk virtio3: 1/0/0 default/read/poll queues
[   11.827746] virtio_blk virtio3: [vdd] 536870912 512-byte logical blocks (275 GB/256 GiB)
[   11.830584] Loading iSCSI transport class v2.0-870.
[   11.832291] iscsi: registered transport (tcp)
[   11.833754] tun: Universal TUN/TAP device driver, 1.6
[   11.838067] intel_pstate: CPU model not supported
[   11.839601] hid: raw HID events driver (C) Jiri Kosina
[   11.841820] xt_time: kernel timezone is -0000
[   11.843313] Initializing XFRM netlink socket
[   11.844736] IPv6: Loaded, but administratively disabled, reboot required to enable
[   11.847105] NET: Registered PF_PACKET protocol family
[   11.848778] Bridge firewalling registered
[   11.850122] Key type dns_resolver registered
[   11.851515] NET: Registered PF_VSOCK protocol family
[   11.853201] IPI shorthand broadcast: enabled
[   11.855674] sched_clock: Marking stable (11644757664, 208343201)->(12041947852, -188846987)
[   11.861612] registered taskstats version 1
[   11.863173] Loading compiled-in X.509 certificates
[   11.866464] Demotion targets for Node 0: null
[   11.867932] Key type .fscrypt registered
[   11.869219] Key type fscrypt-provisioning registered
[   11.871567] Key type encrypted registered
[   11.873022] clk: Disabling unused clocks
[   11.879411] Freeing unused kernel image (initmem) memory: 2912K
[   11.880589] Write protecting the kernel read-only data: 20480k
[   11.885834] Freeing unused kernel image (text/rodata gap) memory: 1412K
[   11.887841] Freeing unused kernel image (rodata/data gap) memory: 272K
[   11.889081] Run /process_api as init process
[   11.889879]   with arguments:
[   11.889879]     /process_api
[   11.889880]     --firecracker-init
[   11.889880]     --addr
[   11.889881]     0.0.0.0:2024
[   11.889881]     --max-ws-buffer-size
[   11.889881]     32768
[   11.889882]     --block-local-connections
[   11.889882]   with environment:
[   11.889883]     HOME=/
[   11.889883]     TERM=linux
[   13.163416] virtio_blk virtio3: [vdd] new size: 10952 512-byte logical blocks (5.61 MB/5.35 MiB)
[   13.166208] vdd: detected capacity change from 536870912 to 10952
[   13.181186] virtio_blk virtio2: [vdc] new size: 1312 512-byte logical blocks (672 kB/656 KiB)
[   13.182934] vdc: detected capacity change from 536870912 to 1312
[   13.188503] virtio_blk virtio1: [vdb] new size: 19904 512-byte logical blocks (10.2 MB/9.72 MiB)
[   13.190234] vdb: detected capacity change from 536870912 to 19904
[   13.196485] virtio_blk virtio0: [vda] new size: 536870912 512-byte logical blocks (275 GB/256 GiB)
[   13.198354] random: crng reseeded due to virtual machine fork
[   13.209582] tokio-rt-worker (482): drop_caches: 3
[   13.218110] EXT4-fs (vda): warning: mounting unchecked fs, running e2fsck is recommended
[   13.225555] EXT4-fs (vda): mounted filesystem 00000000-0000-0000-0000-000000000000 r/w without journal. Quota mode: none.
